###############################################################################
#
# IAR ELF Linker V8.32.2.178/W32 for ARM                  30/Jan/2019  05:28:11
# Copyright 2007-2018 IAR Systems AB.
#
#    Output file  =  
#        C:\Users\Caleb\Documents\firmware\eie_iot_game_fw\firmware_dotmatrix\iar_7_20_1\Debug\Exe\mpgl2.out
#    Map file     =  
#        C:\Users\Caleb\Documents\firmware\eie_iot_game_fw\firmware_dotmatrix\iar_7_20_1\Debug\List\mpgl2.map
#    Command line =  
#        -f C:\Users\Caleb\AppData\Local\Temp\EWF728.tmp
#        (C:\Users\Caleb\Documents\firmware\eie_iot_game_fw\firmware_dotmatrix\iar_7_20_1\Debug\Obj\ant.o
#        C:\Users\Caleb\Documents\firmware\eie_iot_game_fw\firmware_dotmatrix\iar_7_20_1\Debug\Obj\ant_api.o
#        C:\Users\Caleb\Documents\firmware\eie_iot_game_fw\firmware_dotmatrix\iar_7_20_1\Debug\Obj\board_cstartup_iar.o
#        C:\Users\Caleb\Documents\firmware\eie_iot_game_fw\firmware_dotmatrix\iar_7_20_1\Debug\Obj\buttons.o
#        C:\Users\Caleb\Documents\firmware\eie_iot_game_fw\firmware_dotmatrix\iar_7_20_1\Debug\Obj\captouch.o
#        C:\Users\Caleb\Documents\firmware\eie_iot_game_fw\firmware_dotmatrix\iar_7_20_1\Debug\Obj\core_cm3.o
#        C:\Users\Caleb\Documents\firmware\eie_iot_game_fw\firmware_dotmatrix\iar_7_20_1\Debug\Obj\debug.o
#        C:\Users\Caleb\Documents\firmware\eie_iot_game_fw\firmware_dotmatrix\iar_7_20_1\Debug\Obj\exceptions.o
#        C:\Users\Caleb\Documents\firmware\eie_iot_game_fw\firmware_dotmatrix\iar_7_20_1\Debug\Obj\interrupts.o
#        C:\Users\Caleb\Documents\firmware\eie_iot_game_fw\firmware_dotmatrix\iar_7_20_1\Debug\Obj\lcd_bitmaps.o
#        C:\Users\Caleb\Documents\firmware\eie_iot_game_fw\firmware_dotmatrix\iar_7_20_1\Debug\Obj\lcd_NHD-C12864LZ.o
#        C:\Users\Caleb\Documents\firmware\eie_iot_game_fw\firmware_dotmatrix\iar_7_20_1\Debug\Obj\leds.o
#        C:\Users\Caleb\Documents\firmware\eie_iot_game_fw\firmware_dotmatrix\libraries\captouch\bin\libsam3u-32qt-k-8rs-iar.a
#        C:\Users\Caleb\Documents\firmware\eie_iot_game_fw\firmware_dotmatrix\iar_7_20_1\Debug\Obj\main.o
#        C:\Users\Caleb\Documents\firmware\eie_iot_game_fw\firmware_dotmatrix\iar_7_20_1\Debug\Obj\messaging.o
#        C:\Users\Caleb\Documents\firmware\eie_iot_game_fw\firmware_dotmatrix\iar_7_20_1\Debug\Obj\mpgl2-ehdw-02.o
#        C:\Users\Caleb\Documents\firmware\eie_iot_game_fw\firmware_dotmatrix\iar_7_20_1\Debug\Obj\sam3u_i2c.o
#        C:\Users\Caleb\Documents\firmware\eie_iot_game_fw\firmware_dotmatrix\iar_7_20_1\Debug\Obj\sam3u_ssp.o
#        C:\Users\Caleb\Documents\firmware\eie_iot_game_fw\firmware_dotmatrix\iar_7_20_1\Debug\Obj\sam3u_uart.o
#        C:\Users\Caleb\Documents\firmware\eie_iot_game_fw\firmware_dotmatrix\iar_7_20_1\Debug\Obj\user_app1.o
#        C:\Users\Caleb\Documents\firmware\eie_iot_game_fw\firmware_dotmatrix\iar_7_20_1\Debug\Obj\user_app2.o
#        C:\Users\Caleb\Documents\firmware\eie_iot_game_fw\firmware_dotmatrix\iar_7_20_1\Debug\Obj\user_app3.o
#        C:\Users\Caleb\Documents\firmware\eie_iot_game_fw\firmware_dotmatrix\iar_7_20_1\Debug\Obj\utilities.o
#        --redirect _Printf=_PrintfTiny --redirect _Scanf=_ScanfSmallNoMb
#        --no_out_extension -o
#        C:\Users\Caleb\Documents\firmware\eie_iot_game_fw\firmware_dotmatrix\iar_7_20_1\Debug\Exe\mpgl2.out
#        --map
#        C:\Users\Caleb\Documents\firmware\eie_iot_game_fw\firmware_dotmatrix\iar_7_20_1\Debug\List\mpgl2.map
#        --log initialization,modules,sections --log_file
#        C:\Users\Caleb\Documents\firmware\eie_iot_game_fw\firmware_dotmatrix\iar_7_20_1\Debug\List\mpgl2.log
#        --config
#        C:\Users\Caleb\Documents\firmware\eie_iot_game_fw\firmware_dotmatrix\iar_7_20_1\..\..\firmware_common\sam3u2-flash.icf
#        --semihosting --entry __iar_program_start --vfe --text_out locale)
#
###############################################################################

*******************************************************************************
*** MESSAGES
***

Warning[Lt009]: Inconsistent wchar_t size
            burst_10_AA_BB.o(libsam3u-32qt-k-8rs-iar.a) and 5 other objects in
                      libsam3u-32qt-k-8rs-iar.a have wchar_t size 16 bits
            ant.o and 37 other objects, some of them in dl7M_tln.a and 11 other
                      libraries have wchar_t size 32 bits


*******************************************************************************
*** RUNTIME MODEL ATTRIBUTES
***

CppFlavor       = *
__Heap_Handler  = Basic
__SystemLibrary = DLib
__dlib_version  = 6


*******************************************************************************
*** HEAP SELECTION
***

The basic heap was selected because some modules are built with
size limitations (and not runtime checking), and --advanced_heap
was not specified.


*******************************************************************************
*** PLACEMENT SUMMARY
***

"A0":  place at 0x8'0000 { ro section .intvec };
"P1":  place in [from 0x8'0000 to 0x9'ffff] { ro };
define block CSTACK with size = 4K, alignment = 8 { };
"P2":  place in [from 0x2000'0000 to 0x2000'3fff] { rw, block CSTACK };
define block HEAP with size = 16K, alignment = 8 { };
"P3":  place in [from 0x2008'0000 to 0x2008'3fff] { block HEAP };
initialize by copy { rw };

  Section            Kind         Address    Size  Object
  -------            ----         -------    ----  ------
"A0":                                        0xbc
  .intvec                        0x8'0000    0xbc  <Block>
    .intvec          const       0x8'0000    0xbc  board_cstartup_iar.o [1]
                               - 0x8'00bc    0xbc

"P1":                                      0x677f
  .text              ro code     0x8'00bc   0xf72  ant.o [1]
  .text              ro code     0x8'102e    0x7a  lz77_init_single.o [4]
  .text              ro code     0x8'10a8    0x64  utilities.o [1]
  .text              ro code     0x8'110c    0xa6  ABImemcpy.o [4]
  .text              ro code     0x8'11b2    0x3a  zero_init3.o [4]
  .text              ro code     0x8'11ec   0x75c  debug.o [1]
  .text              ro code     0x8'1948   0x754  sam3u_ssp.o [1]
  .text              ro code     0x8'209c   0x140  heap0.o [2]
  .text              ro code     0x8'21dc     0x4  heaptramp0.o [2]
  .text              ro code     0x8'21e0   0x2ac  messaging.o [1]
  .text              ro code     0x8'248c   0x490  sam3u_uart.o [1]
  .text              ro code     0x8'291c   0x2e4  leds.o [1]
  .text              ro code     0x8'2c00    0x66  ABImemset.o [4]
  .rodata            const       0x8'2c66     0x2  captouch.o [1]
  .text              ro code     0x8'2c68    0x2c  xgetmemchunk.o [2]
  .text              ro code     0x8'2c94   0x8c8  lcd_NHD-C12864LZ.o [1]
  .text              ro code     0x8'355c    0x36  strlen.o [4]
  .rodata            const       0x8'3592     0x2  debug.o [1]
  .text              ro code     0x8'3594   0x500  sam3u_i2c.o [1]
  SAM_QTOUCH         ro code     0x8'3a94   0x4d0  burst_10_AA_BB.o [3]
  SAM_QTOUCH         ro code     0x8'3f64   0x20c  touch_api.o [3]
  SAM_QTOUCH         ro code     0x8'4170   0x444  touch_process.o [3]
  SAM_QTOUCH         ro code     0x8'45b4    0x60  touch_burst_qt.o [3]
  SAM_QTOUCH         ro code     0x8'4614   0x360  touch_rs_qt.o [3]
  .text              ro code     0x8'4974   0x3a8  user_app1.o [1]
  .text              ro code     0x8'4d1c   0x240  captouch.o [1]
  .text              ro code     0x8'4f5c   0x160  user_app2.o [1]
  .text              ro code     0x8'50bc   0x388  mpgl2-ehdw-02.o [1]
  .text              ro code     0x8'5444   0x2bc  buttons.o [1]
  .rodata            const       0x8'5700   0x2a0  lcd_bitmaps.o [1]
  .text              ro code     0x8'59a0   0x1dc  interrupts.o [1]
  .rodata            const       0x8'5b7c   0x160  lcd_bitmaps.o [1]
  SAM_QTOUCH         ro code     0x8'5cdc   0x148  calc_masks.o [3]
  .rodata            const       0x8'5e24   0x118  lcd_bitmaps.o [1]
  .text              ro code     0x8'5f3c    0xc0  main.o [1]
  .text              ro code     0x8'5ffc    0x1a  user_app3.o [1]
  .text              ro code     0x8'6016     0x2  exceptions.o [1]
  .rodata            const       0x8'6018    0x50  debug.o [1]
  .rodata            const       0x8'6068    0x48  debug.o [1]
  .rodata            const       0x8'60b0    0x2c  ant.o [1]
  .rodata            const       0x8'60dc    0x2c  debug.o [1]
  .text              ro code     0x8'6108    0x28  data_init.o [4]
  .rodata            const       0x8'6130    0x24  ant.o [1]
  .rodata            const       0x8'6154    0x24  ant.o [1]
  .rodata            const       0x8'6178    0x24  captouch.o [1]
  .rodata            const       0x8'619c    0x24  debug.o [1]
  .rodata            const       0x8'61c0    0x24  debug.o [1]
  .rodata            const       0x8'61e4    0x24  debug.o [1]
  .rodata            const       0x8'6208    0x24  debug.o [1]
  .rodata            const       0x8'622c    0x24  debug.o [1]
  .rodata            const       0x8'6250    0x24  debug.o [1]
  .rodata            const       0x8'6274    0x24  debug.o [1]
  .rodata            const       0x8'6298    0x24  debug.o [1]
  .rodata            const       0x8'62bc    0x24  debug.o [1]
  .iar.init_table    const       0x8'62e0    0x20  - Linker created -
  .rodata            const       0x8'6300    0x20  ant.o [1]
  .rodata            const       0x8'6320    0x20  interrupts.o [1]
  .rodata            const       0x8'6340    0x20  sam3u_uart.o [1]
  .text              ro code     0x8'6360    0x1e  cmain.o [4]
  .text              ro code     0x8'637e     0x2  exceptions.o [1]
  .text              ro code     0x8'6380    0x14  board_cstartup_iar.o [1]
  .text              ro code     0x8'6394     0x4  exit.o [2]
  .text              ro code     0x8'6398     0xa  cexit.o [4]
  .text              ro code     0x8'63a2     0x2  exceptions.o [1]
  .text              ro code     0x8'63a4    0x14  exit.o [5]
  .rodata            const       0x8'63b8    0x1c  ant.o [1]
  .rodata            const       0x8'63d4    0x1c  debug.o [1]
  .rodata            const       0x8'63f0    0x1c  debug.o [1]
  .rodata            const       0x8'640c    0x18  ant.o [1]
  .rodata            const       0x8'6424    0x18  ant.o [1]
  .rodata            const       0x8'643c    0x18  captouch.o [1]
  .rodata            const       0x8'6454    0x14  ant.o [1]
  .rodata            const       0x8'6468    0x14  ant.o [1]
  .rodata            const       0x8'647c    0x14  ant.o [1]
  .rodata            const       0x8'6490    0x14  ant.o [1]
  .rodata            const       0x8'64a4    0x14  captouch.o [1]
  .rodata            const       0x8'64b8    0x14  debug.o [1]
  .rodata            const       0x8'64cc    0x10  ant.o [1]
  .rodata            const       0x8'64dc    0x10  captouch.o [1]
  .rodata            const       0x8'64ec     0xc  ant.o [1]
  .rodata            const       0x8'64f8     0xc  captouch.o [1]
  .rodata            const       0x8'6504     0xc  debug.o [1]
  .rodata            const       0x8'6510     0xc  debug.o [1]
  .text              ro code     0x8'651c     0xc  cstartup_M.o [4]
  .rodata            const       0x8'6528     0x8  buttons.o [1]
  .rodata            const       0x8'6530     0x8  user_app1.o [1]
  .text              ro code     0x8'6538     0x4  exceptions.o [1]
  .text              ro code     0x8'653c     0x2  exceptions.o [1]
  .text              ro code     0x8'653e     0x2  exceptions.o [1]
  .text              ro code     0x8'6540     0x2  exceptions.o [1]
  .text              ro code     0x8'6542     0x2  exceptions.o [1]
  .text              ro code     0x8'6544     0x2  exceptions.o [1]
  .text              ro code     0x8'6546     0x2  exceptions.o [1]
  .text              ro code     0x8'6548     0x2  exceptions.o [1]
  .text              ro code     0x8'654a     0x2  exceptions.o [1]
  .text              ro code     0x8'654c     0x2  exceptions.o [1]
  .text              ro code     0x8'654e     0x2  exceptions.o [1]
  .text              ro code     0x8'6550     0x2  exceptions.o [1]
  .text              ro code     0x8'6552     0x2  exceptions.o [1]
  .text              ro code     0x8'6554     0x2  exceptions.o [1]
  .text              ro code     0x8'6556     0x2  exceptions.o [1]
  .text              ro code     0x8'6558     0x2  exceptions.o [1]
  .text              ro code     0x8'655a     0x2  exceptions.o [1]
  .text              ro code     0x8'655c     0x2  exceptions.o [1]
  .text              ro code     0x8'655e     0x2  exceptions.o [1]
  .text              ro code     0x8'6560     0x2  exceptions.o [1]
  .text              ro code     0x8'6562     0x2  exceptions.o [1]
  .text              ro code     0x8'6564     0x2  exceptions.o [1]
  .text              ro code     0x8'6566     0x2  exceptions.o [1]
  .text              ro code     0x8'6568     0x2  exceptions.o [1]
  .text              ro code     0x8'656a     0x2  exceptions.o [1]
  .text              ro code     0x8'656c     0x2  exceptions.o [1]
  .text              ro code     0x8'656e     0x2  exceptions.o [1]
  .rodata            const       0x8'6570     0x0  zero_init3.o [4]
  .rodata            const       0x8'6570     0x0  lz77_init_single.o [4]
  Initializer bytes  const       0x8'6570   0x2cb  <for P2-1>
                               - 0x8'683b  0x677f

"P2", part 1 of 3:                          0x428
  P2-1                        0x2000'0000   0x428  <Init block>
    .data            inited   0x2000'0000     0x8  ant.o [1]
    .data            inited   0x2000'0008     0x8  ant.o [1]
    .data            inited   0x2000'0010    0x18  ant.o [1]
    .data            inited   0x2000'0028    0x18  ant.o [1]
    .data            inited   0x2000'0040    0x28  ant.o [1]
    .data            inited   0x2000'0068    0x18  ant.o [1]
    .data            inited   0x2000'0080    0x14  ant.o [1]
    .data            inited   0x2000'0094    0x18  ant.o [1]
    .data            inited   0x2000'00ac    0x20  ant.o [1]
    .data            inited   0x2000'00cc    0x40  ant.o [1]
    .data            inited   0x2000'010c     0x8  ant.o [1]
    .data            inited   0x2000'0114    0x10  ant.o [1]
    .data            inited   0x2000'0124    0x50  ant.o [1]
    .data            inited   0x2000'0174    0x20  ant.o [1]
    .data            inited   0x2000'0194     0x4  buttons.o [1]
    .data            inited   0x2000'0198    0x14  buttons.o [1]
    .data            inited   0x2000'01ac    0x10  captouch.o [1]
    .data            inited   0x2000'01bc    0x40  debug.o [1]
    .data            inited   0x2000'01fc    0x44  debug.o [1]
    .data            inited   0x2000'0240     0x4  debug.o [1]
    .data            inited   0x2000'0244    0x20  debug.o [1]
    .data            inited   0x2000'0264     0x8  debug.o [1]
    .data            inited   0x2000'026c    0x14  debug.o [1]
    .data            inited   0x2000'0280    0x18  debug.o [1]
    .data            inited   0x2000'0298     0x8  lcd_NHD-C12864LZ.o [1]
    .data            inited   0x2000'02a0     0xc  lcd_NHD-C12864LZ.o [1]
    .data            inited   0x2000'02ac    0x10  lcd_NHD-C12864LZ.o [1]
    .data            inited   0x2000'02bc     0xc  lcd_NHD-C12864LZ.o [1]
    .data            inited   0x2000'02c8    0x34  leds.o [1]
    .data            inited   0x2000'02fc    0x84  leds.o [1]
    .data            inited   0x2000'0380    0x18  leds.o [1]
    .data            inited   0x2000'0398     0x4  messaging.o [1]
    .data            inited   0x2000'039c    0x20  mpgl2-ehdw-02.o [1]
    .data            inited   0x2000'03bc    0x18  sam3u_ssp.o [1]
    .data            inited   0x2000'03d4    0x18  sam3u_ssp.o [1]
    .data            inited   0x2000'03ec     0x8  user_app2.o [1]
    .data            inited   0x2000'03f4     0x8  user_app2.o [1]
    .data            inited   0x2000'03fc     0x8  user_app2.o [1]
    .data            inited   0x2000'0404     0x8  user_app2.o [1]
    .data            inited   0x2000'040c     0x8  user_app2.o [1]
    .data            inited   0x2000'0414     0x8  utilities.o [1]
    .data            inited   0x2000'041c     0x8  utilities.o [1]
    .data            inited   0x2000'0424     0x2  interrupts.o [1]
    .data            inited   0x2000'0426     0x1  user_app2.o [1]
    .data            inited   0x2000'0427     0x1  touch_api.o [3]
                            - 0x2000'0428   0x428

"P2", part 2 of 3:                         0x19c4
  .bss               zero     0x2000'0428   0x900  messaging.o [1]
  .bss               zero     0x2000'0d28   0x400  lcd_NHD-C12864LZ.o [1]
  .bss               zero     0x2000'1128   0x300  messaging.o [1]
  .bss               zero     0x2000'1428   0x100  ant.o [1]
  .bss               zero     0x2000'1528   0x100  sam3u_i2c.o [1]
  .bss               zero     0x2000'1628   0x100  touch_process.o [3]
  .bss               zero     0x2000'1728    0xa0  ant.o [1]
  .bss               zero     0x2000'17c8    0x90  touch_api.o [3]
  .bss               zero     0x2000'1858    0x80  debug.o [1]
  .bss               zero     0x2000'18d8    0x80  debug.o [1]
  .bss               zero     0x2000'1958    0x80  lcd_NHD-C12864LZ.o [1]
  .bss               zero     0x2000'19d8    0x40  debug.o [1]
  .bss               zero     0x2000'1a18    0x38  sam3u_ssp.o [1]
  .bss               zero     0x2000'1a50    0x38  sam3u_ssp.o [1]
  .bss               zero     0x2000'1a88    0x38  sam3u_ssp.o [1]
  .bss               zero     0x2000'1ac0    0x28  touch_rs_qt.o [3]
  .bss               zero     0x2000'1ae8    0x24  ant.o [1]
  .bss               zero     0x2000'1b0c    0x24  lcd_NHD-C12864LZ.o [1]
  .bss               zero     0x2000'1b30    0x24  sam3u_uart.o [1]
  .bss               zero     0x2000'1b54    0x24  sam3u_uart.o [1]
  .bss               zero     0x2000'1b78    0x24  sam3u_uart.o [1]
  .bss               zero     0x2000'1b9c    0x24  sam3u_uart.o [1]
  .bss               zero     0x2000'1bc0    0x24  touch_process.o [3]
  .bss               zero     0x2000'1be4    0x20  touch_burst_qt.o [3]
  .bss               zero     0x2000'1c04    0x14  touch_api.o [3]
  .bss               zero     0x2000'1c18    0x10  sam3u_i2c.o [1]
  .bss               zero     0x2000'1c28     0xc  ant.o [1]
  .bss               zero     0x2000'1c34     0x8  buttons.o [1]
  .bss               zero     0x2000'1c3c     0x8  buttons.o [1]
  .bss               zero     0x2000'1c44     0x8  lcd_NHD-C12864LZ.o [1]
  .bss               zero     0x2000'1c4c     0x8  lcd_NHD-C12864LZ.o [1]
  .bss               zero     0x2000'1c54     0x8  user_app1.o [1]
  .bss               zero     0x2000'1c5c     0x8  heap0.o [2]
  .bss               zero     0x2000'1c64     0x4  ant.o [1]
  .bss               zero     0x2000'1c68     0x4  ant.o [1]
  .bss               zero     0x2000'1c6c     0x4  ant.o [1]
  .bss               zero     0x2000'1c70     0x4  ant.o [1]
  .bss               zero     0x2000'1c74     0x4  ant.o [1]
  .bss               zero     0x2000'1c78     0x4  ant.o [1]
  .bss               zero     0x2000'1c7c     0x4  ant.o [1]
  .bss               zero     0x2000'1c80     0x4  ant.o [1]
  .bss               zero     0x2000'1c84     0x4  ant.o [1]
  .bss               zero     0x2000'1c88     0x4  ant.o [1]
  .bss               zero     0x2000'1c8c     0x4  ant.o [1]
  .bss               zero     0x2000'1c90     0x4  ant.o [1]
  .bss               zero     0x2000'1c94     0x4  ant.o [1]
  .bss               zero     0x2000'1c98     0x4  ant.o [1]
  .bss               zero     0x2000'1c9c     0x4  ant.o [1]
  .bss               zero     0x2000'1ca0     0x4  ant.o [1]
  .bss               zero     0x2000'1ca4     0x4  ant.o [1]
  .bss               zero     0x2000'1ca8     0x4  ant.o [1]
  .bss               zero     0x2000'1cac     0x4  ant.o [1]
  .bss               zero     0x2000'1cb0     0x4  ant.o [1]
  .bss               zero     0x2000'1cb4     0x4  buttons.o [1]
  .bss               zero     0x2000'1cb8     0x4  captouch.o [1]
  .bss               zero     0x2000'1cbc     0x4  captouch.o [1]
  .bss               zero     0x2000'1cc0     0x4  captouch.o [1]
  .bss               zero     0x2000'1cc4     0x4  debug.o [1]
  .bss               zero     0x2000'1cc8     0x4  debug.o [1]
  .bss               zero     0x2000'1ccc     0x4  debug.o [1]
  .bss               zero     0x2000'1cd0     0x4  debug.o [1]
  .bss               zero     0x2000'1cd4     0x4  debug.o [1]
  .bss               zero     0x2000'1cd8     0x4  debug.o [1]
  .bss               zero     0x2000'1cdc     0x4  debug.o [1]
  .bss               zero     0x2000'1ce0     0x4  lcd_NHD-C12864LZ.o [1]
  .bss               zero     0x2000'1ce4     0x4  lcd_NHD-C12864LZ.o [1]
  .bss               zero     0x2000'1ce8     0x4  lcd_NHD-C12864LZ.o [1]
  .bss               zero     0x2000'1cec     0x4  lcd_NHD-C12864LZ.o [1]
  .bss               zero     0x2000'1cf0     0x4  lcd_NHD-C12864LZ.o [1]
  .bss               zero     0x2000'1cf4     0x4  lcd_NHD-C12864LZ.o [1]
  .bss               zero     0x2000'1cf8     0x4  lcd_NHD-C12864LZ.o [1]
  .bss               zero     0x2000'1cfc     0x4  lcd_NHD-C12864LZ.o [1]
  .bss               zero     0x2000'1d00     0x4  main.o [1]
  .bss               zero     0x2000'1d04     0x4  main.o [1]
  .bss               zero     0x2000'1d08     0x4  messaging.o [1]
  .bss               zero     0x2000'1d0c     0x4  messaging.o [1]
  .bss               zero     0x2000'1d10     0x4  messaging.o [1]
  .bss               zero     0x2000'1d14     0x4  messaging.o [1]
  .bss               zero     0x2000'1d18     0x4  mpgl2-ehdw-02.o [1]
  .bss               zero     0x2000'1d1c     0x4  mpgl2-ehdw-02.o [1]
  .bss               zero     0x2000'1d20     0x4  mpgl2-ehdw-02.o [1]
  .bss               zero     0x2000'1d24     0x4  mpgl2-ehdw-02.o [1]
  .bss               zero     0x2000'1d28     0x4  sam3u_i2c.o [1]
  .bss               zero     0x2000'1d2c     0x4  sam3u_i2c.o [1]
  .bss               zero     0x2000'1d30     0x4  sam3u_i2c.o [1]
  .bss               zero     0x2000'1d34     0x4  sam3u_i2c.o [1]
  .bss               zero     0x2000'1d38     0x4  sam3u_i2c.o [1]
  .bss               zero     0x2000'1d3c     0x4  sam3u_i2c.o [1]
  .bss               zero     0x2000'1d40     0x4  sam3u_ssp.o [1]
  .bss               zero     0x2000'1d44     0x4  sam3u_ssp.o [1]
  .bss               zero     0x2000'1d48     0x4  sam3u_ssp.o [1]
  .bss               zero     0x2000'1d4c     0x4  sam3u_ssp.o [1]
  .bss               zero     0x2000'1d50     0x4  sam3u_ssp.o [1]
  .bss               zero     0x2000'1d54     0x4  sam3u_ssp.o [1]
  .bss               zero     0x2000'1d58     0x4  sam3u_ssp.o [1]
  .bss               zero     0x2000'1d5c     0x4  sam3u_ssp.o [1]
  .bss               zero     0x2000'1d60     0x4  sam3u_ssp.o [1]
  .bss               zero     0x2000'1d64     0x4  sam3u_ssp.o [1]
  .bss               zero     0x2000'1d68     0x4  sam3u_ssp.o [1]
  .bss               zero     0x2000'1d6c     0x4  sam3u_ssp.o [1]
  .bss               zero     0x2000'1d70     0x4  sam3u_uart.o [1]
  .bss               zero     0x2000'1d74     0x4  sam3u_uart.o [1]
  .bss               zero     0x2000'1d78     0x4  sam3u_uart.o [1]
  .bss               zero     0x2000'1d7c     0x4  sam3u_uart.o [1]
  .bss               zero     0x2000'1d80     0x4  sam3u_uart.o [1]
  .bss               zero     0x2000'1d84     0x4  sam3u_uart.o [1]
  .bss               zero     0x2000'1d88     0x4  sam3u_uart.o [1]
  .bss               zero     0x2000'1d8c     0x4  sam3u_uart.o [1]
  .bss               zero     0x2000'1d90     0x4  sam3u_uart.o [1]
  .bss               zero     0x2000'1d94     0x4  sam3u_uart.o [1]
  .bss               zero     0x2000'1d98     0x4  user_app1.o [1]
  .bss               zero     0x2000'1d9c     0x4  user_app1.o [1]
  .bss               zero     0x2000'1da0     0x4  user_app1.o [1]
  .bss               zero     0x2000'1da4     0x4  user_app2.o [1]
  .bss               zero     0x2000'1da8     0x4  user_app2.o [1]
  .bss               zero     0x2000'1dac     0x4  user_app2.o [1]
  .bss               zero     0x2000'1db0     0x4  user_app2.o [1]
  .bss               zero     0x2000'1db4     0x4  user_app2.o [1]
  .bss               zero     0x2000'1db8     0x4  user_app2.o [1]
  .bss               zero     0x2000'1dbc     0x4  user_app2.o [1]
  .bss               zero     0x2000'1dc0     0x4  user_app3.o [1]
  .bss               zero     0x2000'1dc4     0x4  xgetmemchunk.o [2]
  .bss               zero     0x2000'1dc8     0x2  buttons.o [1]
  .bss               zero     0x2000'1dca     0x2  buttons.o [1]
  .bss               zero     0x2000'1dcc     0x2  buttons.o [1]
  .bss               zero     0x2000'1dce     0x2  buttons.o [1]
  .bss               zero     0x2000'1dd0     0x2  debug.o [1]
  .bss               zero     0x2000'1dd2     0x1  ant.o [1]
  .bss               zero     0x2000'1dd3     0x1  ant.o [1]
  .bss               zero     0x2000'1dd4     0x1  ant.o [1]
  .bss               zero     0x2000'1dd5     0x1  ant.o [1]
  .bss               zero     0x2000'1dd6     0x1  captouch.o [1]
  .bss               zero     0x2000'1dd7     0x1  captouch.o [1]
  .bss               zero     0x2000'1dd8     0x1  debug.o [1]
  .bss               zero     0x2000'1dd9     0x1  debug.o [1]
  .bss               zero     0x2000'1dda     0x1  debug.o [1]
  .bss               zero     0x2000'1ddb     0x1  lcd_NHD-C12864LZ.o [1]
  .bss               zero     0x2000'1ddc     0x1  lcd_NHD-C12864LZ.o [1]
  .bss               zero     0x2000'1ddd     0x1  lcd_NHD-C12864LZ.o [1]
  .bss               zero     0x2000'1dde     0x1  messaging.o [1]
  .bss               zero     0x2000'1ddf     0x1  sam3u_i2c.o [1]
  .bss               zero     0x2000'1de0     0x1  sam3u_i2c.o [1]
  .bss               zero     0x2000'1de1     0x1  sam3u_i2c.o [1]
  .bss               zero     0x2000'1de2     0x1  sam3u_uart.o [1]
  .bss               zero     0x2000'1de3     0x1  user_app1.o [1]
  .bss               zero     0x2000'1de4     0x1  user_app1.o [1]
  .bss               zero     0x2000'1de5     0x1  user_app1.o [1]
  .bss               zero     0x2000'1de6     0x1  user_app1.o [1]
  .bss               zero     0x2000'1de7     0x1  burst_10_AA_BB.o [3]
  .bss               zero     0x2000'1de8     0x1  touch_rs_qt.o [3]
                            - 0x2000'1de9  0x19c1

"P2", part 3 of 3:                         0x1000
  CSTACK                      0x2000'1df0  0x1000  <Block>
    CSTACK           uninit   0x2000'1df0  0x1000  <Block tail>
                            - 0x2000'2df0  0x1000

"P3":                                      0x4000
  HEAP                        0x2008'0000  0x4000  <Block>
    HEAP             uninit   0x2008'0000  0x4000  <Block tail>
                            - 0x2008'4000  0x4000

Unused ranges:

         From           To      Size
         ----           --      ----
     0x8'683b     0x9'ffff  0x1'97c5
  0x2000'1dec  0x2000'1def       0x4
  0x2000'2df0  0x2000'3fff    0x1210


*******************************************************************************
*** INIT TABLE
***

          Address      Size
          -------      ----
Zero (__iar_zero_init3)
    1 destination range, total size 0x19c1:
          0x2000'0428  0x19c1

Copy/lz77 (__iar_lz77_init_single3)
    1 source range, total size 0x2cb (67% of destination):
             0x8'6570   0x2cb
    1 destination range, total size 0x428:
          0x2000'0000   0x428



*******************************************************************************
*** MODULE SUMMARY
***

    Module                ro code  ro data  rw data
    ------                -------  -------  -------
command line/config:
    -----------------------------------------------
    Total:

C:\Users\Caleb\Documents\firmware\eie_iot_game_fw\firmware_dotmatrix\iar_7_20_1\Debug\Obj: [1]
    ant.o                   3 954      603      952
    board_cstartup_iar.o       20      188
    buttons.o                 700       24       52
    captouch.o                576      121       30
    debug.o                 1 884      770      573
    exceptions.o               62
    interrupts.o              476       33        2
    lcd_NHD-C12864LZ.o      2 248       32    1 287
    lcd_bitmaps.o                    1 304
    leds.o                    740      140      208
    main.o                    192                 8
    messaging.o               684        2    3 093
    mpgl2-ehdw-02.o           904       22       48
    sam3u_i2c.o             1 280               299
    sam3u_ssp.o             1 876       32      264
    sam3u_uart.o            1 168       32      185
    user_app1.o               936        8       24
    user_app2.o               352       28       69
    user_app3.o                26                 4
    utilities.o               100       11       16
    -----------------------------------------------
    Total:                 18 178    3 350    7 114

dl7M_tln.a: [2]
    exit.o                      4
    heap0.o                   320                 8
    heaptramp0.o                4
    xgetmemchunk.o             44                 4
    -----------------------------------------------
    Total:                    372                12

libsam3u-32qt-k-8rs-iar.a: [3]
    burst_10_AA_BB.o        1 232                 1
    calc_masks.o              328
    touch_api.o               524        1      165
    touch_burst_qt.o           96                32
    touch_process.o         1 092               292
    touch_rs_qt.o             864                41
    -----------------------------------------------
    Total:                  4 136        1      531

rt7M_tl.a: [4]
    ABImemcpy.o               166
    ABImemset.o               102
    cexit.o                    10
    cmain.o                    30
    cstartup_M.o               12
    data_init.o                40
    lz77_init_single.o        122
    strlen.o                   54
    zero_init3.o               58
    -----------------------------------------------
    Total:                    594

shb_l.a: [5]
    exit.o                     20
    -----------------------------------------------
    Total:                     20

    Linker created                      32   20 480
---------------------------------------------------
    Grand Total:           23 300    3 383   28 137


*******************************************************************************
*** ENTRY LIST
***

Entry                       Address   Size  Type      Object
-----                       -------   ----  ----      ------
.iar.init_table$$Base      0x8'62e0          --   Gb  - Linker created -
.iar.init_table$$Limit     0x8'6300          --   Gb  - Linker created -
.intvec$$Base              0x8'0000          --   Gb  - Linker created -
.intvec$$Limit             0x8'00bc          --   Gb  - Linker created -
?main                      0x8'6361         Code  Gb  cmain.o [4]
ADCC0_IrqHandler           0x8'6569    0x2  Code  Wk  exceptions.o [1]
ADCC1_IrqHandler           0x8'656b    0x2  Code  Wk  exceptions.o [1]
AddNewMessageStatus        0x8'2423   0x2e  Code  Lc  messaging.o [1]
AdvanceAntRxBufferCurrentChar
                           0x8'038b   0x1c  Code  Lc  ant.o [1]
AdvanceAntRxBufferUnreadMsgPointer
                           0x8'03a7   0x1c  Code  Lc  ant.o [1]
Aldata                  0x2000'1c5c    0x8  Data  Lc  heap0.o [2]
AntAbortMessage            0x8'0367   0x24  Code  Lc  ant.o [1]
AntCalculateTxChecksum     0x8'0901   0x28  Code  Gb  ant.o [1]
AntDeQueueOutgoingMessage
                           0x8'0e1b   0x1c  Code  Lc  ant.o [1]
AntExpectResponse          0x8'07d3   0xe6  Code  Gb  ant.o [1]
AntInitialize              0x8'04b7  0x1be  Code  Gb  ant.o [1]
AntParseExtendedData       0x8'03c3   0xf4  Code  Lc  ant.o [1]
AntProcessMessage          0x8'0951  0x384  Code  Lc  ant.o [1]
AntQueueExtendedApplicationMessage
                           0x8'0d59   0xc2  Code  Lc  ant.o [1]
AntRunActiveState          0x8'0675    0xc  Code  Gb  ant.o [1]
AntRxFlowControlCallback
                           0x8'08cd   0x34  Code  Gb  ant.o [1]
AntRxMessage               0x8'0199  0x1ce  Code  Lc  ant.o [1]
AntSM_Idle                 0x8'0e39   0x8a  Code  Gb  ant.o [1]
AntSM_Idle::au8AntFlagAlert
                        0x2000'0114   0x10  Data  Lc  ant.o [1]
AntSM_Idle::au8AntFlagMessages
                        0x2000'0124   0x50  Data  Lc  ant.o [1]
AntSM_NoResponse           0x8'102d    0x2  Code  Gb  ant.o [1]
AntSM_ReceiveMessage       0x8'0ed1   0x16  Code  Gb  ant.o [1]
AntSM_TransmitMessage      0x8'0ef5   0x6c  Code  Gb  ant.o [1]
AntSM_TransmitMessage::au8TxTimeoutMsg
                        0x2000'0174   0x20  Data  Lc  ant.o [1]
AntSrdyPulse               0x8'0173   0x26  Code  Lc  ant.o [1]
AntSyncSerialInitialize
                           0x8'00bd   0xb6  Code  Lc  ant.o [1]
AntTickExtended            0x8'0ce5   0x5e  Code  Lc  ant.o [1]
AntTxFlowControlCallback
                           0x8'08b9   0x12  Code  Gb  ant.o [1]
AntTxMessage               0x8'0681  0x152  Code  Gb  ant.o [1]
Ant_DebugProcessRxMessages
                        0x2000'1cb0    0x4  Data  Lc  ant.o [1]
Ant_DebugRxMessageCounter
                        0x2000'1ca8    0x4  Data  Lc  ant.o [1]
Ant_DebugTotalRxMessages
                        0x2000'1cac    0x4  Data  Lc  ant.o [1]
Ant_Ssp                 0x2000'1c90    0x4  Data  Lc  ant.o [1]
Ant_au8AntRxBuffer      0x2000'1428  0x100  Data  Lc  ant.o [1]
Ant_pfnStateMachine     0x2000'1c70    0x4  Data  Lc  ant.o [1]
Ant_psDataOutgoingMsgList
                        0x2000'1ca4    0x4  Data  Lc  ant.o [1]
Ant_pu8AntRxBufferCurrentChar
                        0x2000'1c98    0x4  Data  Lc  ant.o [1]
Ant_pu8AntRxBufferNextChar
                        0x2000'1c94    0x4  Data  Lc  ant.o [1]
Ant_pu8AntRxBufferUnreadMsg
                        0x2000'1c9c    0x4  Data  Lc  ant.o [1]
Ant_sSspConfig          0x2000'1ae8   0x24  Data  Lc  ant.o [1]
Ant_u32ApplicationMessageCount
                        0x2000'1ca0    0x4  Data  Lc  ant.o [1]
Ant_u32CurrentTxMessageToken
                        0x2000'1c8c    0x4  Data  Lc  ant.o [1]
Ant_u32RxByteCounter    0x2000'1c80    0x4  Data  Lc  ant.o [1]
Ant_u32RxTimeoutCounter
                        0x2000'1c84    0x4  Data  Lc  ant.o [1]
Ant_u32RxTimer          0x2000'1c74    0x4  Data  Lc  ant.o [1]
Ant_u32TxByteCounter    0x2000'1c7c    0x4  Data  Lc  ant.o [1]
Ant_u32TxTimer          0x2000'1c78    0x4  Data  Lc  ant.o [1]
Ant_u32UnexpectedByteCounter
                        0x2000'1c88    0x4  Data  Lc  ant.o [1]
Ant_u8AntNewRxMessages  0x2000'1dd2    0x1  Data  Lc  ant.o [1]
Ant_u8AntVersion        0x2000'1c28    0xc  Data  Lc  ant.o [1]
Ant_u8SlaveMissedMessageHigh
                        0x2000'1dd3    0x1  Data  Lc  ant.o [1]
Ant_u8SlaveMissedMessageLow
                        0x2000'1dd5    0x1  Data  Lc  ant.o [1]
Ant_u8SlaveMissedMessageMid
                        0x2000'1dd4    0x1  Data  Lc  ant.o [1]
Bsp_u32TimingViolationsCounter
                        0x2000'1d20    0x4  Data  Lc  mpgl2-ehdw-02.o [1]
BusFault_Handler           0x8'637f    0x2  Code  Wk  exceptions.o [1]
ButtonInitialize           0x8'5471   0xba  Code  Gb  buttons.o [1]
ButtonInitialize::au8ButtonStartupMsg
                        0x2000'0198   0x14  Data  Lc  buttons.o [1]
ButtonRunActiveState       0x8'552b    0xa  Code  Gb  buttons.o [1]
ButtonSM_ButtonActive      0x8'5585  0x128  Code  Lc  buttons.o [1]
ButtonSM_Idle              0x8'5561   0x24  Code  Lc  buttons.o [1]
Button_abNewPress       0x2000'1dce    0x2  Data  Lc  buttons.o [1]
Button_aeCurrentState   0x2000'1dca    0x2  Data  Lc  buttons.o [1]
Button_aeNewState       0x2000'1dcc    0x2  Data  Lc  buttons.o [1]
Button_au32ButtonPins      0x8'6528    0x8  Data  Lc  buttons.o [1]
Button_au32HoldTimeStart
                        0x2000'1c3c    0x8  Data  Lc  buttons.o [1]
Button_pfnStateMachine  0x2000'1cb4    0x4  Data  Lc  buttons.o [1]
Buttons_asArray         0x2000'0194    0x4  Data  Lc  buttons.o [1]
CSTACK$$Base            0x2000'1df0          --   Gb  - Linker created -
CSTACK$$Limit           0x2000'2df0          --   Gb  - Linker created -
CapTouchInitialize         0x8'4d33   0x80  Code  Gb  captouch.o [1]
CapTouchOn                 0x8'4d1d    0xa  Code  Gb  captouch.o [1]
CapTouchRunActiveState     0x8'4db3    0xa  Code  Gb  captouch.o [1]
CapTouchSM_Idle            0x8'4e99    0x2  Code  Gb  captouch.o [1]
CapTouchSM_Measure         0x8'4e9d   0x70  Code  Gb  captouch.o [1]
CapTouchSM_Measure::au8CaptouchValuesMessage
                        0x2000'01ac   0x10  Data  Lc  captouch.o [1]
CapTouchSM_Measure::u32DebugPrintTimer
                        0x2000'1cc0    0x4  Data  Lc  captouch.o [1]
CapTouchSetParameters      0x8'4e49   0x20  Code  Lc  captouch.o [1]
CapTouchUpdateSensorReadings
                           0x8'4e69   0x24  Code  Gb  captouch.o [1]
CapTouchVerify             0x8'4dbd   0x8c  Code  Lc  captouch.o [1]
CapTouch_pfnStateMachine
                        0x2000'1cb8    0x4  Data  Gb  captouch.o [1]
CapTouch_u32Timer       0x2000'1cbc    0x4  Data  Gb  captouch.o [1]
CapTouch_u8CurrentHSliderValue
                        0x2000'1dd6    0x1  Data  Gb  captouch.o [1]
CapTouch_u8CurrentVSliderValue
                        0x2000'1dd7    0x1  Data  Gb  captouch.o [1]
CaptouchCurrentHSlidePosition
                           0x8'4d27    0x6  Code  Gb  captouch.o [1]
CaptouchCurrentVSlidePosition
                           0x8'4d2d    0x6  Code  Gb  captouch.o [1]
ClockSetup                 0x8'50bd   0x6a  Code  Gb  mpgl2-ehdw-02.o [1]
DBGU_IrqHandler            0x8'26f5   0x1c  Code  Gb  sam3u_uart.o [1]
DeQueueMessage             0x8'2323   0x58  Code  Gb  messaging.o [1]
DebugCommandCaptouchValuesToggle
                           0x8'1631   0x4e  Code  Lc  debug.o [1]
DebugCommandDummy          0x8'14e7   0x18  Code  Lc  debug.o [1]
DebugCommandLedTestToggle
                           0x8'14ff   0x8c  Code  Lc  debug.o [1]
DebugCommandPrepareList
                           0x8'1439   0xae  Code  Lc  debug.o [1]
DebugCommandSysTimeToggle
                           0x8'15f1   0x40  Code  Lc  debug.o [1]
DebugInitialize            0x8'1365   0xac  Code  Gb  debug.o [1]
DebugLedTestCharacter      0x8'158b   0x66  Code  Lc  debug.o [1]
DebugLineFeed              0x8'1211   0x1c  Code  Gb  debug.o [1]
DebugMon_Handler           0x8'653f    0x2  Code  Wk  exceptions.o [1]
DebugPrintNumber           0x8'122d   0xbc  Code  Gb  debug.o [1]
DebugPrintf                0x8'11ed   0x24  Code  Gb  debug.o [1]
DebugRunActiveState        0x8'1411    0xc  Code  Gb  debug.o [1]
DebugRxCallback            0x8'141d   0x1c  Code  Gb  debug.o [1]
DebugSM_CheckCmd           0x8'17b1   0xbc  Code  Lc  debug.o [1]
DebugSM_CheckCmd::au8CommandHeader
                        0x2000'0264    0x8  Data  Lc  debug.o [1]
DebugSM_CheckCmd::au8InvalidCommand
                        0x2000'026c   0x14  Data  Lc  debug.o [1]
DebugSM_Error              0x8'1885   0x32  Code  Lc  debug.o [1]
DebugSM_Error::au8DebugErrorMsg
                        0x2000'0280   0x18  Data  Lc  debug.o [1]
DebugSM_Idle               0x8'1681  0x130  Code  Lc  debug.o [1]
DebugSM_Idle::au8BackspaceSequence
                        0x2000'0240    0x4  Data  Lc  debug.o [1]
DebugSM_Idle::au8CommandOverflow
                        0x2000'0244   0x20  Data  Lc  debug.o [1]
DebugSM_ProcessCmd         0x8'186d   0x18  Code  Lc  debug.o [1]
Debug_Uart              0x2000'1ccc    0x4  Data  Lc  debug.o [1]
Debug_au8CommandBuffer  0x2000'19d8   0x40  Data  Lc  debug.o [1]
Debug_au8Commands       0x2000'01bc   0x40  Data  Gb  debug.o [1]
Debug_au8RxBuffer       0x2000'18d8   0x80  Data  Lc  debug.o [1]
Debug_au8StartupMsg     0x2000'01fc   0x44  Data  Lc  debug.o [1]
Debug_pfnStateMachine   0x2000'1cc8    0x4  Data  Lc  debug.o [1]
Debug_pu8CmdBufferNextChar
                        0x2000'1cdc    0x4  Data  Lc  debug.o [1]
Debug_pu8RxBufferNextChar
                        0x2000'1cd4    0x4  Data  Lc  debug.o [1]
Debug_pu8RxBufferParser
                        0x2000'1cd8    0x4  Data  Lc  debug.o [1]
Debug_u16CommandSize    0x2000'1dd0    0x2  Data  Lc  debug.o [1]
Debug_u32CurrentMessageToken
                        0x2000'1cd0    0x4  Data  Lc  debug.o [1]
Debug_u8Command         0x2000'1dda    0x1  Data  Lc  debug.o [1]
Debug_u8ErrorCode       0x2000'1dd9    0x1  Data  Lc  debug.o [1]
EFC0_IrqHandler            0x8'654f    0x2  Code  Wk  exceptions.o [1]
EFC1_IrqHandler            0x8'6551    0x2  Code  Wk  exceptions.o [1]
G_aau8BigFonts             0x8'5e24  0x118  Data  Gb  lcd_bitmaps.o [1]
G_aau8LcdRamImage       0x2000'0d28  0x400  Data  Gb  lcd_NHD-C12864LZ.o [1]
G_aau8SmallFonts           0x8'5700  0x2a0  Data  Gb  lcd_bitmaps.o [1]
G_abButtonDebounceActive
                        0x2000'1dc8    0x2  Data  Gb  buttons.o [1]
G_asAntChannelConfiguration
                        0x2000'1728   0xa0  Data  Gb  ant.o [1]
G_au32ButtonDebounceTimeStart
                        0x2000'1c34    0x8  Data  Gb  buttons.o [1]
G_au8ANTGetVersion      0x2000'010c    0x8  Data  Gb  ant.o [1]
G_au8AntMessageAssign   0x2000'0010   0x18  Data  Gb  ant.o [1]
G_au8AntMessageClose    0x2000'0068   0x18  Data  Gb  ant.o [1]
G_au8AntMessageFail     0x2000'0008    0x8  Data  Gb  ant.o [1]
G_au8AntMessageInit     0x2000'0094   0x18  Data  Gb  ant.o [1]
G_au8AntMessageInitFail
                        0x2000'00ac   0x20  Data  Gb  ant.o [1]
G_au8AntMessageNoAnt    0x2000'00cc   0x40  Data  Gb  ant.o [1]
G_au8AntMessageOk       0x2000'0000    0x8  Data  Gb  ant.o [1]
G_au8AntMessageOpen     0x2000'0080   0x14  Data  Gb  ant.o [1]
G_au8AntMessageUnassign
                        0x2000'0028   0x18  Data  Gb  ant.o [1]
G_au8AntMessageUnhandled
                        0x2000'0040   0x28  Data  Gb  ant.o [1]
G_au8DebugScanfBuffer   0x2000'1858   0x80  Data  Gb  debug.o [1]
G_au8MessageOFF         0x2000'041c    0x8  Data  Gb  utilities.o [1]
G_au8MessageON          0x2000'0414    0x8  Data  Gb  utilities.o [1]
G_sAntApplicationMsgList
                        0x2000'1c6c    0x4  Data  Gb  ant.o [1]
G_sLcdClearWholeScreen  0x2000'0298    0x8  Data  Gb  lcd_NHD-C12864LZ.o [1]
G_stMessageResponse     0x2000'1c68    0x4  Data  Gb  ant.o [1]
G_u32AntFlags           0x2000'1c64    0x4  Data  Gb  ant.o [1]
G_u32ApplicationFlags   0x2000'1d04    0x4  Data  Gb  main.o [1]
G_u32DebugFlags         0x2000'1cc4    0x4  Data  Gb  debug.o [1]
G_u32MessagingFlags     0x2000'1d08    0x4  Data  Gb  messaging.o [1]
G_u32Ssp1ApplicationFlags
                        0x2000'1d40    0x4  Data  Gb  sam3u_ssp.o [1]
G_u32Ssp2ApplicationFlags
                        0x2000'1d44    0x4  Data  Gb  sam3u_ssp.o [1]
G_u32SystemFlags        0x2000'1d00    0x4  Data  Gb  main.o [1]
G_u32SystemTime1ms      0x2000'1d18    0x4  Data  Gb  mpgl2-ehdw-02.o [1]
G_u32SystemTime1s       0x2000'1d1c    0x4  Data  Gb  mpgl2-ehdw-02.o [1]
G_u32Uart0ApplicationFlags
                        0x2000'1d74    0x4  Data  Gb  sam3u_uart.o [1]
G_u32UartApplicationFlags
                        0x2000'1d70    0x4  Data  Gb  sam3u_uart.o [1]
G_u8DebugScanfCharCount
                        0x2000'1dd8    0x1  Data  Gb  debug.o [1]
GetButtonBitLocation       0x8'5535   0x2c  Code  Gb  buttons.o [1]
GpioSetup                  0x8'51bf   0xf8  Code  Gb  mpgl2-ehdw-02.o [1]
HDMA_IrqHandler            0x8'656d    0x2  Code  Wk  exceptions.o [1]
HEAP$$Base              0x2008'0000          --   Gb  - Linker created -
HEAP$$Limit             0x2008'4000          --   Gb  - Linker created -
HSMC4_IrqHandler           0x8'6553    0x2  Code  Wk  exceptions.o [1]
HardFault_Handler          0x8'5a1f   0x4c  Code  Gb  interrupts.o [1]
HexToASCIICharLower        0x8'10d9   0x2e  Code  Gb  utilities.o [1]
InterruptSetup             0x8'59cd   0x52  Code  Gb  interrupts.o [1]
IrqHandlerNotUsed          0x8'6539    0x2  Code  Gb  exceptions.o [1]
IsTimeUp                   0x8'10a9   0x30  Code  Gb  utilities.o [1]
LcdClearPixel              0x8'2d67   0x3e  Code  Gb  lcd_NHD-C12864LZ.o [1]
LcdClearPixels             0x8'2f3b   0xc2  Code  Gb  lcd_NHD-C12864LZ.o [1]
LcdClearScreen             0x8'2ffd   0x3c  Code  Gb  lcd_NHD-C12864LZ.o [1]
LcdCommand                 0x8'3039   0x4c  Code  Gb  lcd_NHD-C12864LZ.o [1]
LcdInitialize              0x8'3085  0x15a  Code  Gb  lcd_NHD-C12864LZ.o [1]
LcdLoadBitmap              0x8'2da5  0x196  Code  Gb  lcd_NHD-C12864LZ.o [1]
LcdLoadPageToBuffer        0x8'327d   0xd0  Code  Lc  lcd_NHD-C12864LZ.o [1]
LcdLoadString              0x8'2c95   0x94  Code  Gb  lcd_NHD-C12864LZ.o [1]
LcdManualMode              0x8'31e9   0x3e  Code  Gb  lcd_NHD-C12864LZ.o [1]
LcdRunActiveState          0x8'31df    0xa  Code  Gb  lcd_NHD-C12864LZ.o [1]
LcdSM_Idle                 0x8'33d1   0xa4  Code  Lc  lcd_NHD-C12864LZ.o [1]
LcdSM_WaitTransfer         0x8'3475   0x66  Code  Lc  lcd_NHD-C12864LZ.o [1]
LcdSetPixel                0x8'2d29   0x3e  Code  Gb  lcd_NHD-C12864LZ.o [1]
LcdSetStartAddressForDataTransfer
                           0x8'3227   0x56  Code  Lc  lcd_NHD-C12864LZ.o [1]
LcdUpdateScreenRefreshArea
                           0x8'334d   0x80  Code  Gb  lcd_NHD-C12864LZ.o [1]
Lcd_ReturnState         0x2000'1cf0    0x4  Data  Gb  lcd_NHD-C12864LZ.o [1]
Lcd_Ssp                 0x2000'1cf8    0x4  Data  Lc  lcd_NHD-C12864LZ.o [1]
Lcd_au8MessageInit      0x2000'02a0    0xc  Data  Lc  lcd_NHD-C12864LZ.o [1]
Lcd_au8MessageWelcome   0x2000'02ac   0x10  Data  Lc  lcd_NHD-C12864LZ.o [1]
Lcd_au8RxDummyBuffer    0x2000'1ddd    0x1  Data  Lc  lcd_NHD-C12864LZ.o [1]
Lcd_au8SetupArray       0x2000'02bc    0xc  Data  Lc  lcd_NHD-C12864LZ.o [1]
Lcd_au8TxBuffer         0x2000'1958   0x80  Data  Lc  lcd_NHD-C12864LZ.o [1]
Lcd_pfnStateMachine     0x2000'1ce0    0x4  Data  Lc  lcd_NHD-C12864LZ.o [1]
Lcd_pu8RxDummyBuffer    0x2000'1cfc    0x4  Data  Lc  lcd_NHD-C12864LZ.o [1]
Lcd_sCurrentUpdateArea  0x2000'1c4c    0x8  Data  Lc  lcd_NHD-C12864LZ.o [1]
Lcd_sSspConfig          0x2000'1b0c   0x24  Data  Lc  lcd_NHD-C12864LZ.o [1]
Lcd_sUpdateArea         0x2000'1c44    0x8  Data  Lc  lcd_NHD-C12864LZ.o [1]
Lcd_u32CurrentMsgToken  0x2000'1cf4    0x4  Data  Lc  lcd_NHD-C12864LZ.o [1]
Lcd_u32Flags            0x2000'1ce4    0x4  Data  Lc  lcd_NHD-C12864LZ.o [1]
Lcd_u32RefreshTimer     0x2000'1cec    0x4  Data  Lc  lcd_NHD-C12864LZ.o [1]
Lcd_u32Timer            0x2000'1ce8    0x4  Data  Lc  lcd_NHD-C12864LZ.o [1]
Lcd_u8CurrentPage       0x2000'1ddc    0x1  Data  Lc  lcd_NHD-C12864LZ.o [1]
Lcd_u8PagesToUpdate     0x2000'1ddb    0x1  Data  Lc  lcd_NHD-C12864LZ.o [1]
LedInitialize              0x8'29ed   0xb4  Code  Gb  leds.o [1]
LedInitialize::au8LedStartupMsg
                        0x2000'0380   0x18  Data  Lc  leds.o [1]
LedOff                     0x8'296f   0x52  Code  Gb  leds.o [1]
LedOn                      0x8'291d   0x52  Code  Gb  leds.o [1]
LedToggle                  0x8'29c1   0x2c  Code  Gb  leds.o [1]
LedUpdate                  0x8'2aa1  0x140  Code  Gb  leds.o [1]
Led_au32BitPositions    0x2000'02c8   0x34  Data  Lc  leds.o [1]
Leds_asLedArray         0x2000'02fc   0x84  Data  Lc  leds.o [1]
MCI0_IrqHandler            0x8'6559    0x2  Code  Wk  exceptions.o [1]
MemManage_Handler          0x8'6017    0x2  Code  Wk  exceptions.o [1]
MessagingIdle              0x8'2451   0x16  Code  Gb  messaging.o [1]
MessagingIdle::u32CleaningTime
                        0x2000'0398    0x4  Data  Lc  messaging.o [1]
MessagingInitialize        0x8'237b   0x78  Code  Gb  messaging.o [1]
MessagingRunActiveState
                           0x8'23f3    0xa  Code  Gb  messaging.o [1]
Messaging_pfnStateMachine
                        0x2000'1d0c    0x4  Data  Lc  messaging.o [1]
Msg_Pool                0x2000'0428  0x900  Data  Lc  messaging.o [1]
Msg_StatusQueue         0x2000'1128  0x300  Data  Lc  messaging.o [1]
Msg_pNextStatus         0x2000'1d14    0x4  Data  Lc  messaging.o [1]
Msg_u32Token            0x2000'1d10    0x4  Data  Lc  messaging.o [1]
Msg_u8QueuedMessageCount
                        0x2000'1dde    0x1  Data  Lc  messaging.o [1]
NMI_Handler                0x8'653b    0x2  Code  Wk  exceptions.o [1]
NVIC_ClearPendingIRQ       0x8'545b   0x16  Code  Lc  buttons.o [1]
NVIC_ClearPendingIRQ       0x8'59b7   0x16  Code  Lc  interrupts.o [1]
NVIC_ClearPendingIRQ       0x8'35ad   0x18  Code  Lc  sam3u_i2c.o [1]
NVIC_ClearPendingIRQ       0x8'1961   0x18  Code  Lc  sam3u_ssp.o [1]
NVIC_ClearPendingIRQ       0x8'24a5   0x18  Code  Lc  sam3u_uart.o [1]
NVIC_DisableIRQ            0x8'59a1   0x16  Code  Lc  interrupts.o [1]
NVIC_EnableIRQ             0x8'5445   0x16  Code  Lc  buttons.o [1]
NVIC_EnableIRQ             0x8'3595   0x18  Code  Lc  sam3u_i2c.o [1]
NVIC_EnableIRQ             0x8'1949   0x18  Code  Lc  sam3u_ssp.o [1]
NVIC_EnableIRQ             0x8'248d   0x18  Code  Lc  sam3u_uart.o [1]
PIOA_IrqHandler            0x8'5a9b   0x54  Code  Gb  interrupts.o [1]
PIOB_IrqHandler            0x8'5aef   0x54  Code  Gb  interrupts.o [1]
PIOC_IrqHandler            0x8'6555    0x2  Code  Wk  exceptions.o [1]
PMC_IrqHandler             0x8'654d    0x2  Code  Wk  exceptions.o [1]
PWMSetupAudio              0x8'52b7   0x2e  Code  Gb  mpgl2-ehdw-02.o [1]
PWM_IrqHandler             0x8'6567    0x2  Code  Wk  exceptions.o [1]
PendSV_Handler             0x8'6541    0x2  Code  Wk  exceptions.o [1]
QueryMessageStatus         0x8'21e1   0x46  Code  Gb  messaging.o [1]
QueueMessage               0x8'2227   0xfc  Code  Gb  messaging.o [1]
RSTC_IrqHandler            0x8'6545    0x2  Code  Wk  exceptions.o [1]
RTC_IrqHandler             0x8'6547    0x2  Code  Wk  exceptions.o [1]
RTT_IrqHandler             0x8'6549    0x2  Code  Wk  exceptions.o [1]
Region$$Table$$Base        0x8'62e0          --   Gb  - Linker created -
Region$$Table$$Limit       0x8'6300          --   Gb  - Linker created -
SNSK_array              0x2000'1bf4   0x10  Data  Gb  touch_burst_qt.o [3]
SNS_array               0x2000'1be4   0x10  Data  Gb  touch_burst_qt.o [3]
SPI0_IrqHandler            0x8'655d    0x2  Code  Wk  exceptions.o [1]
SSC0_IrqHandler            0x8'655f    0x2  Code  Wk  exceptions.o [1]
SSP_Peripheral0         0x2000'1a18   0x38  Data  Lc  sam3u_ssp.o [1]
SSP_Peripheral1         0x2000'1a50   0x38  Data  Lc  sam3u_ssp.o [1]
SSP_Peripheral2         0x2000'1a88   0x38  Data  Lc  sam3u_ssp.o [1]
SSP_psCurrentISR        0x2000'1d58    0x4  Data  Lc  sam3u_ssp.o [1]
SSP_psCurrentSsp        0x2000'1d54    0x4  Data  Lc  sam3u_ssp.o [1]
SSP_pu32SspApplicationFlagsISR
                        0x2000'1d5c    0x4  Data  Lc  sam3u_ssp.o [1]
SSP_u32AntCounter       0x2000'1d68    0x4  Data  Lc  sam3u_ssp.o [1]
SSP_u32Flags            0x2000'1d50    0x4  Data  Lc  sam3u_ssp.o [1]
SSP_u32Int1Count        0x2000'1d60    0x4  Data  Lc  sam3u_ssp.o [1]
SSP_u32Int2Count        0x2000'1d64    0x4  Data  Lc  sam3u_ssp.o [1]
SSP_u32RxCounter        0x2000'1d6c    0x4  Data  Lc  sam3u_ssp.o [1]
SSP_u32Timer            0x2000'1d4c    0x4  Data  Lc  sam3u_ssp.o [1]
SUPC_IrqHandler            0x8'6543    0x2  Code  Wk  exceptions.o [1]
SVC_Handler                0x8'653d    0x2  Code  Wk  exceptions.o [1]
SetNumberOfPlayers         0x8'4f67    0x6  Code  Gb  user_app2.o [1]
SetScore                   0x8'4f5d    0xa  Code  Gb  user_app2.o [1]
SetScoreString             0x8'4fb3   0x6e  Code  Gb  user_app2.o [1]
SspGenericHandler          0x8'1bfb  0x29a  Code  Gb  sam3u_ssp.o [1]
SspInitialize              0x8'1ad3   0x94  Code  Gb  sam3u_ssp.o [1]
SspInitialize::au8SspStartupMessage
                        0x2000'03bc   0x18  Data  Lc  sam3u_ssp.o [1]
SspManualMode              0x8'1b73   0x3c  Code  Gb  sam3u_ssp.o [1]
SspRequest                 0x8'1979  0x12a  Code  Gb  sam3u_ssp.o [1]
SspRunActiveState          0x8'1b67    0xc  Code  Gb  sam3u_ssp.o [1]
SspSM_Idle                 0x8'1e95  0x194  Code  Gb  sam3u_ssp.o [1]
SspSM_Idle::au8SspErrorInvalidSsp
                        0x2000'03d4   0x18  Data  Lc  sam3u_ssp.o [1]
SspWriteData               0x8'1aa3   0x30  Code  Gb  sam3u_ssp.o [1]
Ssp_pfnStateMachine     0x2000'1d48    0x4  Data  Lc  sam3u_ssp.o [1]
SysTickSetup               0x8'5127   0x22  Code  Gb  mpgl2-ehdw-02.o [1]
SysTick_Handler            0x8'5a6b   0x30  Code  Gb  interrupts.o [1]
SysTick_Handler::u16SecondCounter
                        0x2000'0424    0x2  Data  Lc  interrupts.o [1]
SystemSleep                0x8'5149   0x68  Code  Gb  mpgl2-ehdw-02.o [1]
SystemSleep::au8TickWarningMessage
                        0x2000'039c   0x20  Data  Lc  mpgl2-ehdw-02.o [1]
SystemSleep::u32PreviousSystemTick
                        0x2000'1d24    0x4  Data  Lc  mpgl2-ehdw-02.o [1]
SystemStatusReport         0x8'12e9   0x7c  Code  Gb  debug.o [1]
TC0_IrqHandler             0x8'6561    0x2  Code  Wk  exceptions.o [1]
TC1_IrqHandler             0x8'6563    0x2  Code  Wk  exceptions.o [1]
TC2_IrqHandler             0x8'6565    0x2  Code  Wk  exceptions.o [1]
TWI0                    0x2000'1d34    0x4  Data  Lc  sam3u_i2c.o [1]
TWI0FillTxBuffer           0x8'36a1   0x84  Code  Lc  sam3u_i2c.o [1]
TWI0_IrqHandler            0x8'3725   0x86  Code  Gb  sam3u_i2c.o [1]
TWI1_IrqHandler            0x8'655b    0x2  Code  Wk  exceptions.o [1]
TWIInitialize              0x8'35c5   0xd0  Code  Gb  sam3u_i2c.o [1]
TWIRunActiveState          0x8'3695    0xc  Code  Gb  sam3u_i2c.o [1]
TWISM_Error                0x8'39c9   0x7c  Code  Gb  sam3u_i2c.o [1]
TWISM_Idle                 0x8'37ad   0xfc  Code  Gb  sam3u_i2c.o [1]
TWISM_Receiving            0x8'3961   0x68  Code  Gb  sam3u_i2c.o [1]
TWISM_Transmitting         0x8'38a9   0xb8  Code  Gb  sam3u_i2c.o [1]
TWI_MessageBuffer       0x2000'1528  0x100  Data  Lc  sam3u_i2c.o [1]
TWI_MessageBufferCurIndex
                        0x2000'1de0    0x1  Data  Lc  sam3u_i2c.o [1]
TWI_MessageBufferNextIndex
                        0x2000'1ddf    0x1  Data  Lc  sam3u_i2c.o [1]
TWI_MessageQueueLength  0x2000'1de1    0x1  Data  Lc  sam3u_i2c.o [1]
TWI_Peripheral0         0x2000'1c18   0x10  Data  Lc  sam3u_i2c.o [1]
TWI_StateMachine        0x2000'1d28    0x4  Data  Lc  sam3u_i2c.o [1]
TWI_pu8CurrentTxData    0x2000'1d3c    0x4  Data  Lc  sam3u_i2c.o [1]
TWI_u32CurrentBytesRemaining
                        0x2000'1d38    0x4  Data  Lc  sam3u_i2c.o [1]
TWI_u32Flags            0x2000'1d30    0x4  Data  Lc  sam3u_i2c.o [1]
TWI_u32Timer            0x2000'1d2c    0x4  Data  Lc  sam3u_i2c.o [1]
UART_Peripheral         0x2000'1b30   0x24  Data  Lc  sam3u_uart.o [1]
UART_Peripheral0        0x2000'1b54   0x24  Data  Lc  sam3u_uart.o [1]
UART_Peripheral1        0x2000'1b78   0x24  Data  Lc  sam3u_uart.o [1]
UART_Peripheral2        0x2000'1b9c   0x24  Data  Lc  sam3u_uart.o [1]
UART_psCurrentISR       0x2000'1d88    0x4  Data  Lc  sam3u_uart.o [1]
UART_psCurrentUart      0x2000'1d84    0x4  Data  Lc  sam3u_uart.o [1]
UART_pu32ApplicationFlagsISR
                        0x2000'1d8c    0x4  Data  Lc  sam3u_uart.o [1]
UART_u32Flags           0x2000'1d80    0x4  Data  Lc  sam3u_uart.o [1]
UART_u32Int0Count       0x2000'1d94    0x4  Data  Lc  sam3u_uart.o [1]
UART_u32IntCount        0x2000'1d90    0x4  Data  Lc  sam3u_uart.o [1]
UART_u32Timer           0x2000'1d7c    0x4  Data  Lc  sam3u_uart.o [1]
UART_u8ActiveUarts      0x2000'1de2    0x1  Data  Lc  sam3u_uart.o [1]
UDPD_IrqHandler            0x8'656f    0x2  Code  Wk  exceptions.o [1]
USART0_IrqHandler          0x8'2711   0x1c  Code  Gb  sam3u_uart.o [1]
USART1_IrqHandler          0x8'1baf   0x26  Code  Gb  sam3u_ssp.o [1]
USART2_IrqHandler          0x8'1bd5   0x26  Code  Gb  sam3u_ssp.o [1]
USART3_IrqHandler          0x8'6557    0x2  Code  Wk  exceptions.o [1]
UartGenericHandler         0x8'272d   0xca  Code  Gb  sam3u_uart.o [1]
UartInitialize             0x8'2627   0x94  Code  Gb  sam3u_uart.o [1]
UartManualMode             0x8'26c5   0x30  Code  Lc  sam3u_uart.o [1]
UartRequest                0x8'24bd  0x112  Code  Gb  sam3u_uart.o [1]
UartRunActiveState         0x8'26bb    0xa  Code  Gb  sam3u_uart.o [1]
UartSM_Idle                0x8'27f9   0xb4  Code  Gb  sam3u_uart.o [1]
UartWriteByte              0x8'25cf   0x2e  Code  Gb  sam3u_uart.o [1]
UartWriteData              0x8'25fd   0x2a  Code  Gb  sam3u_uart.o [1]
Uart_pfnStateMachine    0x2000'1d78    0x4  Data  Lc  sam3u_uart.o [1]
UpdateMessageStatus        0x8'23fd   0x26  Code  Gb  messaging.o [1]
UsageFault_Handler         0x8'63a3    0x2  Code  Wk  exceptions.o [1]
UserApp1Initialize         0x8'4991   0x96  Code  Gb  user_app1.o [1]
UserApp1RunActiveState     0x8'4a27    0xc  Code  Gb  user_app1.o [1]
UserApp1SM_Idle            0x8'4cc9   0x2e  Code  Lc  user_app1.o [1]
UserApp1_StateMachine   0x2000'1d98    0x4  Data  Lc  user_app1.o [1]
UserApp2Initialize         0x8'4f6d   0x3c  Code  Gb  user_app2.o [1]
UserApp2RunActiveState     0x8'4fa9    0xa  Code  Gb  user_app2.o [1]
UserApp2SM_Idle            0x8'5021   0x68  Code  Lc  user_app2.o [1]
UserApp2_HeaderLocation
                        0x2000'1dac    0x4  Data  Gb  user_app2.o [1]
UserApp2_NumPlayers     0x2000'0426    0x1  Data  Gb  user_app2.o [1]
UserApp2_P1Location     0x2000'1db0    0x4  Data  Gb  user_app2.o [1]
UserApp2_P1Score_string
                        0x2000'03f4    0x8  Data  Gb  user_app2.o [1]
UserApp2_P2Location     0x2000'1db4    0x4  Data  Gb  user_app2.o [1]
UserApp2_P2Score_string
                        0x2000'03fc    0x8  Data  Gb  user_app2.o [1]
UserApp2_P3Location     0x2000'1db8    0x4  Data  Gb  user_app2.o [1]
UserApp2_P3Score_string
                        0x2000'0404    0x8  Data  Gb  user_app2.o [1]
UserApp2_P4Location     0x2000'1dbc    0x4  Data  Gb  user_app2.o [1]
UserApp2_P4Score_string
                        0x2000'040c    0x8  Data  Gb  user_app2.o [1]
UserApp2_Score_string   0x2000'03ec    0x8  Data  Gb  user_app2.o [1]
UserApp2_Scores         0x2000'1da8    0x4  Data  Gb  user_app2.o [1]
UserApp2_StateMachine   0x2000'1da4    0x4  Data  Lc  user_app2.o [1]
UserApp3Initialize         0x8'5ffd    0xa  Code  Gb  user_app3.o [1]
UserApp3RunActiveState     0x8'6007    0xa  Code  Gb  user_app3.o [1]
UserApp3SM_Idle            0x8'6015    0x2  Code  Lc  user_app3.o [1]
UserApp3_StateMachine   0x2000'1dc0    0x4  Data  Lc  user_app3.o [1]
WDT_IrqHandler             0x8'654b    0x2  Code  Wk  exceptions.o [1]
WatchDogSetup              0x8'51b1    0xe  Code  Gb  mpgl2-ehdw-02.o [1]
__ICFEDIT_intvec_start__ {Abs}
                           0x8'0000         Data  Gb  <internal module>
__aeabi_memcpy             0x8'110d         Code  Gb  ABImemcpy.o [4]
__aeabi_memcpy4            0x8'112d         Code  Gb  ABImemcpy.o [4]
__aeabi_memcpy8            0x8'112d         Code  Gb  ABImemcpy.o [4]
__aeabi_memset             0x8'2c01         Code  Gb  ABImemset.o [4]
__basic_free               0x8'2149   0x16  Code  Gb  heap0.o [2]
__basic_free_intern        0x8'215f   0x7a  Code  Lc  heap0.o [2]
__basic_malloc             0x8'209d   0x18  Code  Gb  heap0.o [2]
__basic_malloc_intern      0x8'20b5   0x94  Code  Lc  heap0.o [2]
__cmain                    0x8'6361         Code  Gb  cmain.o [4]
__data_GetMemChunk         0x8'2c69   0x2c  Code  Gb  xgetmemchunk.o [2]
__data_GetMemChunk::start
                        0x2000'1dc4    0x4  Data  Lc  xgetmemchunk.o [2]
__exit                     0x8'63a5   0x14  Code  Gb  exit.o [5]
__iar_Memset               0x8'2c01         Code  Gb  ABImemset.o [4]
__iar_Memset_word          0x8'2c09         Code  Gb  ABImemset.o [4]
__iar_data_init3           0x8'6109   0x28  Code  Gb  data_init.o [4]
__iar_lz77_init_single3
                           0x8'102f   0x7a  Code  Gb  lz77_init_single.o [4]
__iar_program_start        0x8'651d         Code  Gb  cstartup_M.o [4]
__iar_zero_init3           0x8'11b3   0x3a  Code  Gb  zero_init3.o [4]
__low_level_init           0x8'6381   0x14  Code  Gb  board_cstartup_iar.o [1]
__vector_table             0x8'0000   0xbc  Data  Gb  board_cstartup_iar.o [1]
_call_main                 0x8'636d         Code  Gb  cmain.o [4]
_exit                      0x8'6399         Code  Gb  cexit.o [4]
_main                      0x8'637b         Code  Gb  cmain.o [4]
aau8EngenuicsLogoBlack     0x8'5b7c  0x160  Data  Gb  lcd_bitmaps.o [1]
blinkCursor                0x8'4b09   0x5a  Code  Lc  user_app1.o [1]
burst                      0x8'45df   0x2e  Code  Gb  touch_burst_qt.o [3]
burst_10_AA_BB             0x8'3a95  0x4d0  Code  Gb  burst_10_AA_BB.o [3]
burst_init                 0x8'45b5    0xa  Code  Gb  touch_burst_qt.o [3]
burst_proc              0x2000'1c14    0x4  Data  Gb  touch_api.o [3]
burst_reset                0x8'45bf   0x20  Code  Gb  touch_burst_qt.o [3]
calc_masks                 0x8'5cdd  0x148  Code  Gb  calc_masks.o [3]
calc_rotor_slider_sensor_delta
                           0x8'467d   0x4e  Code  Gb  touch_rs_qt.o [3]
calc_rotor_slider_value
                           0x8'4729  0x1b4  Code  Gb  touch_rs_qt.o [3]
calibrate_sensor           0x8'41cf   0x60  Code  Lc  touch_process.o [3]
clearDot                   0x8'4983    0xe  Code  Gb  user_app1.o [1]
cursor                  0x2000'1da0    0x4  Data  Lc  user_app1.o [1]
dht_counter             0x2000'1bc1    0x1  Data  Gb  touch_process.o [3]
divide                     0x8'46cb   0x5e  Code  Lc  touch_rs_qt.o [3]
drawDot                    0x8'4a33   0xa4  Code  Lc  user_app1.o [1]
drawEmptyGameboard         0x8'4ad7   0x32  Code  Lc  user_app1.o [1]
drift_channel              0x8'422f   0x80  Code  Lc  touch_process.o [3]
drift_pos_recal_ctrs    0x2000'1bc4   0x20  Data  Lc  touch_process.o [3]
err                     0x2000'1de5    0x1  Data  Lc  user_app1.o [1]
exit                       0x8'6395    0x4  Code  Gb  exit.o [2]
fill_out_rotor_slider_deltas
                           0x8'48f5   0x64  Code  Lc  touch_rs_qt.o [3]
free                       0x8'21dd    0x4  Code  Gb  heaptramp0.o [2]
freq_shift              0x2000'0427    0x1  Data  Gb  touch_api.o [3]
gameboard               0x2000'1c54    0x8  Data  Lc  user_app1.o [1]
get_channel_delta          0x8'458d   0x14  Code  Gb  touch_process.o [3]
goto_no_detect             0x8'418d   0x42  Code  Lc  touch_process.o [3]
horizontalMoveState     0x2000'1de3    0x1  Data  Lc  user_app1.o [1]
lib_status_flags        0x2000'1854    0x2  Data  Gb  touch_api.o [3]
main                       0x8'5f3d   0xc0  Code  Gb  main.o [1]
moveCursor                 0x8'4b63  0x162  Code  Lc  user_app1.o [1]
num_rotors_sliders      0x2000'1de8    0x1  Data  Gb  touch_rs_qt.o [3]
num_sensors             0x2000'1bc0    0x1  Data  Gb  touch_process.o [3]
process_sensor             0x8'42af  0x2de  Code  Gb  touch_process.o [3]
q_get_PRIMASK              0x8'4161    0x8  Code  Gb  touch_api.o [3]
q_set_PRIMASK              0x8'4169    0x8  Code  Gb  touch_api.o [3]
qt_calibrate_sensing       0x8'3fa7   0x1c  Code  Gb  touch_api.o [3]
qt_config_data          0x2000'1c04    0x8  Data  Gb  touch_api.o [3]
qt_enable_slider           0x8'4615   0x5c  Code  Gb  touch_rs_qt.o [3]
qt_filter_callback      0x2000'1c10    0x4  Data  Gb  touch_api.o [3]
qt_get_library_sig         0x8'3f95   0x12  Code  Gb  touch_api.o [3]
qt_get_sensor_delta        0x8'40db   0x68  Code  Gb  touch_api.o [3]
qt_init_sensing_with_burst
                           0x8'3f65   0x30  Code  Gb  touch_api.o [3]
qt_measure_data         0x2000'17c8   0x8c  Data  Gb  touch_api.o [3]
qt_measure_sensors         0x8'3ff5   0xe6  Code  Gb  touch_api.o [3]
qt_reset_sensing           0x8'3fc3   0x32  Code  Gb  touch_api.o [3]
rotor_slider_deltas     0x2000'1ae0    0x8  Data  Lc  touch_rs_qt.o [3]
rotor_slider_enter_detect
                           0x8'48dd   0x18  Code  Gb  touch_rs_qt.o [3]
rotors_sliders          0x2000'1ac0   0x20  Data  Lc  touch_rs_qt.o [3]
sensors                 0x2000'1628  0x100  Data  Gb  touch_process.o [3]
setDot                     0x8'4975    0xe  Code  Gb  user_app1.o [1]
start_cal_sensor           0x8'4171   0x1c  Code  Gb  touch_process.o [3]
strlen                     0x8'355d         Code  Gb  strlen.o [4]
time_of_last_call_ms    0x2000'1c0c    0x2  Data  Lc  touch_api.o [3]
timer_prescale          0x2000'1856    0x2  Data  Lc  touch_api.o [3]
u32Timer                0x2000'1d9c    0x4  Data  Lc  user_app1.o [1]
u8CapTouchGetSliderValue
                           0x8'4e8d    0xc  Code  Gb  captouch.o [1]
userPlayState           0x2000'1de6    0x1  Data  Lc  user_app1.o [1]
verticalMoveState       0x2000'1de4    0x1  Data  Lc  user_app1.o [1]


[1] = C:\Users\Caleb\Documents\firmware\eie_iot_game_fw\firmware_dotmatrix\iar_7_20_1\Debug\Obj
[2] = dl7M_tln.a
[3] = libsam3u-32qt-k-8rs-iar.a
[4] = rt7M_tl.a
[5] = shb_l.a

  23 300 bytes of readonly  code memory
   3 383 bytes of readonly  data memory
  28 137 bytes of readwrite data memory

Errors: none
Warnings: 1
